[INFO] Scanning for projects...
[INFO] 
[INFO] ------------------< cl.duoc.bancoxyz:account-service >------------------
[INFO] Building account-service 0.0.1-SNAPSHOT
[INFO]   from pom.xml
[INFO] --------------------------------[ jar ]---------------------------------
[INFO] Downloading from central: https://repo.maven.apache.org/maven2/org/springframework/cloud/spring-cloud-starter-config/5.0.5/spring-cloud-starter-config-5.0.5.pom
[INFO] Downloaded from central: https://repo.maven.apache.org/maven2/org/springframework/cloud/spring-cloud-starter-config/5.0.5/spring-cloud-starter-config-5.0.5.pom (3.6 kB at 3.8 kB/s)
[INFO] Downloading from central: https://repo.maven.apache.org/maven2/org/springframework/cloud/spring-cloud-starter-netflix-eureka-client/5.0.2/spring-cloud-starter-netflix-eureka-client-5.0.2.pom
[INFO] Downloaded from central: https://repo.maven.apache.org/maven2/org/springframework/cloud/spring-cloud-starter-netflix-eureka-client/5.0.2/spring-cloud-starter-netflix-eureka-client-5.0.2.pom (5.0 kB at 23 kB/s)
[INFO] Downloading from central: https://repo.maven.apache.org/maven2/org/springframework/cloud/spring-cloud-starter-config/5.0.5/spring-cloud-starter-config-5.0.5.jar
[INFO] Downloaded from central: https://repo.maven.apache.org/maven2/org/springframework/cloud/spring-cloud-starter-config/5.0.5/spring-cloud-starter-config-5.0.5.jar (2.2 kB at 11 kB/s)
[INFO] Downloading from central: https://repo.maven.apache.org/maven2/org/springframework/cloud/spring-cloud-starter-netflix-eureka-client/5.0.2/spring-cloud-starter-netflix-eureka-client-5.0.2.jar
[INFO] Downloading from central: https://repo.maven.apache.org/maven2/org/apache/httpcomponents/httpclient/4.5.3/httpclient-4.5.3.jar
[INFO] Downloading from central: https://repo.maven.apache.org/maven2/com/google/errorprone/error_prone_annotations/2.41.0/error_prone_annotations-2.41.0.jar
[INFO] Downloaded from central: https://repo.maven.apache.org/maven2/com/google/errorprone/error_prone_annotations/2.41.0/error_prone_annotations-2.41.0.jar (20 kB at 52 kB/s)
[INFO] Downloaded from central: https://repo.maven.apache.org/maven2/org/springframework/cloud/spring-cloud-starter-netflix-eureka-client/5.0.2/spring-cloud-starter-netflix-eureka-client-5.0.2.jar (2.4 kB at 4.4 kB/s)
[INFO] Downloaded from central: https://repo.maven.apache.org/maven2/org/apache/httpcomponents/httpclient/4.5.3/httpclient-4.5.3.jar (748 kB at 353 kB/s)
[INFO] 
[INFO] --- resources:3.5.0:resources (default-resources) @ account-service ---
[INFO] Copying 2 resources from src\main\resources to target\classes
[INFO] Copying 0 resource from src\main\resources to target\classes
[INFO] 
[INFO] --- compiler:3.15.0:compile (default-compile) @ account-service ---
[INFO] Recompiling the module because of changed dependency.
[INFO] Compiling 17 source files with javac [forked debug parameters release 21] to target\classes
[WARNING] Unable to autodetect 'javac' path, using 'javac' from the environment.
[INFO] 
[INFO] --- resources:3.5.0:testResources (default-testResources) @ account-service ---
[INFO] Copying 1 resource from src\test\resources to target\test-classes
[INFO] 
[INFO] --- compiler:3.15.0:testCompile (default-testCompile) @ account-service ---
[INFO] Recompiling the module because of changed dependency.
[INFO] Compiling 1 source file with javac [forked debug parameters release 21] to target\test-classes
[WARNING] Unable to autodetect 'javac' path, using 'javac' from the environment.
[INFO] 
[INFO] --- surefire:3.5.6:test (default-test) @ account-service ---
[INFO] Using auto detected provider org.apache.maven.surefire.junitplatform.JUnitPlatformProvider
[INFO] 
[INFO] -------------------------------------------------------
[INFO]  T E S T S
[INFO] -------------------------------------------------------
[INFO] Running cl.duoc.bancoxyz.bff.AccountServiceApplicationTests
20:18:01.559 [main] INFO org.springframework.test.context.support.AnnotationConfigContextLoaderUtils -- Could not detect default configuration classes for test class [cl.duoc.bancoxyz.bff.AccountServiceApplicationTests]: AccountServiceApplicationTests does not declare any static, non-private, non-final, nested classes annotated with @Configuration.
20:18:02.033 [main] INFO org.springframework.boot.test.context.SpringBootTestContextBootstrapper -- Found @SpringBootConfiguration cl.duoc.bancoxyz.bff.AccountServiceApplication for test class cl.duoc.bancoxyz.bff.AccountServiceApplicationTests
20:18:02.297 [main] INFO org.springframework.test.context.support.AnnotationConfigContextLoaderUtils -- Could not detect default configuration classes for test class [cl.duoc.bancoxyz.bff.AccountServiceApplicationTests]: AccountServiceApplicationTests does not declare any static, non-private, non-final, nested classes annotated with @Configuration.
20:18:02.306 [main] INFO org.springframework.boot.test.context.SpringBootTestContextBootstrapper -- Found @SpringBootConfiguration cl.duoc.bancoxyz.bff.AccountServiceApplication for test class cl.duoc.bancoxyz.bff.AccountServiceApplicationTests
20:18:02.984 [main] INFO org.springframework.boot.devtools.restart.RestartApplicationListener -- Restart disabled due to context in which it is running

  .   ____          _            __ _ _
 /\\ / ___'_ __ _ _(_)_ __  __ _ \ \ \ \
( ( )\___ | '_ | '_| | '_ \/ _` | \ \ \ \
 \\/  ___)| |_)| | | | | || (_| |  ) ) ) )
  '  |____| .__|_| |_|_| |_\__, | / / / /
 =========|_|==============|___/=/_/_/_/

 :: Spring Boot ::                (v4.1.1)

2026-10-05T20:18:03.903-03:00  INFO 21904 --- [           main] c.d.b.b.AccountServiceApplicationTests   : Starting AccountServiceApplicationTests using Java 25.0.4 with PID 21904 (started by exequ in C:\Users\exequ\Documents\Duoc\backend3\s8\proyecto8\account-service)
2026-10-05T20:18:03.906-03:00  INFO 21904 --- [           main] c.d.b.b.AccountServiceApplicationTests   : No active profile set, falling back to 1 default profile: "default"
2026-10-05T20:18:06.952-03:00  INFO 21904 --- [           main] .s.d.r.c.RepositoryConfigurationDelegate : Bootstrapping Spring Data JDBC repositories in DEFAULT mode.
2026-10-05T20:18:07.542-03:00  INFO 21904 --- [           main] .s.d.r.c.RepositoryConfigurationDelegate : Finished Spring Data repository scanning in 572 ms. Found 3 JDBC repository interfaces.
2026-10-05T20:18:08.645-03:00  INFO 21904 --- [           main] o.s.cloud.context.scope.GenericScope     : BeanFactory id=b2e73f76-c9ad-3958-96e1-ad6cc335c4c1
Mockito is currently self-attaching to enable the inline-mock-maker. This will no longer work in future releases of the JDK. Please add Mockito as an agent to your build as described in Mockito's documentation: https://javadoc.io/doc/org.mockito/mockito-core/latest/org.mockito/org/mockito/Mockito.html#0.3
WARNING: A Java agent has been loaded dynamically (C:\Users\exequ\AppData\Local\Temp\backend3-maven-repository\net\bytebuddy\byte-buddy-agent\1.18.11\byte-buddy-agent-1.18.11.jar)
WARNING: If a serviceability tool is in use, please run with -XX:+EnableDynamicAgentLoading to hide this warning
WARNING: If a serviceability tool is not in use, please run with -Djdk.instrument.traceUsage for more information
WARNING: Dynamic loading of agents will be disallowed by default in a future release
Java HotSpot(TM) 64-Bit Server VM warning: Sharing is only supported for boot loader classes because bootstrap classpath has been appended
2026-10-05T20:18:12.519-03:00  INFO 21904 --- [           main] com.zaxxer.hikari.HikariDataSource       : HikariPool-1 - Starting...
2026-10-05T20:18:13.012-03:00  INFO 21904 --- [           main] com.zaxxer.hikari.pool.HikariPool        : HikariPool-1 - Added connection conn0: url=jdbc:h2:mem:bff_test user=SA
2026-10-05T20:18:13.018-03:00  INFO 21904 --- [           main] com.zaxxer.hikari.HikariDataSource       : HikariPool-1 - Start completed.
2026-10-05T20:18:13.746-03:00  INFO 21904 --- [           main] o.s.b.t.m.w.SpringBootMockServletContext : Initializing Spring TestDispatcherServlet ''
2026-10-05T20:18:13.747-03:00  INFO 21904 --- [           main] o.s.t.web.servlet.TestDispatcherServlet  : Initializing Servlet ''
2026-10-05T20:18:13.769-03:00  INFO 21904 --- [           main] o.s.b.a.e.web.EndpointLinksResolver      : Exposing 1 endpoint beneath base path '/actuator'
2026-10-05T20:18:13.792-03:00  INFO 21904 --- [           main] o.s.t.web.servlet.TestDispatcherServlet  : Completed initialization in 45 ms
2026-10-05T20:18:13.901-03:00  INFO 21904 --- [           main] DiscoveryClientOptionalArgsConfiguration : Eureka HTTP Client uses RestClient.
2026-10-05T20:18:14.102-03:00  WARN 21904 --- [           main] iguration$LoadBalancerCaffeineWarnLogger : Spring Cloud LoadBalancer is currently working with the default cache. While this cache implementation is useful for development and tests, it's recommended to use Caffeine cache in production.You can switch to using Caffeine cache, by adding it and org.springframework.cache.caffeine.CaffeineCacheManager to the classpath.
2026-10-05T20:18:14.337-03:00  INFO 21904 --- [           main] c.d.b.b.AccountServiceApplicationTests   : Started AccountServiceApplicationTests in 11.405 seconds (process running for 14.922)
[INFO] Tests run: 5, Failures: 0, Errors: 0, Skipped: 0, Time elapsed: 14.70 s -- in cl.duoc.bancoxyz.bff.AccountServiceApplicationTests
[INFO] 
[INFO] Results:
[INFO] 
[INFO] Tests run: 5, Failures: 0, Errors: 0, Skipped: 0
[INFO] 
[INFO] 
[INFO] --- jar:3.5.1:jar (default-jar) @ account-service ---
[INFO] Building jar: C:\Users\exequ\Documents\Duoc\backend3\s8\proyecto8\account-service\target\account-service-0.0.1-SNAPSHOT.jar
[INFO] 
[INFO] --- spring-boot:4.1.1:repackage (repackage) @ account-service ---
[INFO] Replacing main artifact C:\Users\exequ\Documents\Duoc\backend3\s8\proyecto8\account-service\target\account-service-0.0.1-SNAPSHOT.jar with repackaged archive, adding nested dependencies in BOOT-INF/.
[INFO] The original artifact has been renamed to C:\Users\exequ\Documents\Duoc\backend3\s8\proyecto8\account-service\target\account-service-0.0.1-SNAPSHOT.jar.original
[INFO] ------------------------------------------------------------------------
[INFO] BUILD SUCCESS
[INFO] ------------------------------------------------------------------------
[INFO] Total time:  38.067 s
[INFO] Finished at: 2026-10-05T20:18:18-03:00
[INFO] ------------------------------------------------------------------------
